// Jest Snapshot v1, https://goo.gl/fbAQLP

exports[`Controls/lookup:Link link render 1`] = `
<span
  class="controls_lookup_theme-undefined controls-Lookup__link
                         controls-Lookup__link-inlineheight-default
                         controls-Lookup__link-default
                         controls-fontsize-lookupLink undefined"
  data-qa="Lookup__link"
  tabindex="-1"
>
  <span
    class="controls-Lookup__link__text
                            controls-Lookup__link_underline-fixed"
  >
    caption 
  </span>
</span>
`;
