// Jest Snapshot v1, https://goo.gl/fbAQLP

exports[`ControlsUnit/columnScrollReact/ApplyCssTransform/WidthsDependentStylesComponent should render width styles. 1`] = `
<style
  data-qa="ColumnScrollReact__width-styles"
>
  .js-controls-ColumnScrollReact_offsetForFixed_guid123 { left: 702px; }
  .js-controls-ColumnScrollReact_offsetForEndFixed_guid123 { right: 0px; } 
  .js-controls-ColumnScrollReact_stretchedToViewPortElement_guid123 { width: 1200px; }
</style>
`;
