// Jest Snapshot v1, https://goo.gl/fbAQLP

exports[`ControlsUnit/columnScrollReact/Mirror/ScrollEventsManager/Base Компонент отображает переданный контент и передает в него нужные обработчики. 1`] = `
<DocumentFragment>
  <div>
    TestContent
  </div>
</DocumentFragment>
`;
