// Jest Snapshot v1, https://goo.gl/fbAQLP

exports[`Controls-Input/decoratorConnected:Money Index 1`] = `
<div>
  <div
    class="controlsDemo__wrapper controlsDemo_fixedWidth400 tw-flex tw-flex-col"
  >
    <span
      class="controls-DecoratorMoney controls-text-default"
      title="22.00"
    >
      <span
        class=""
      >
        <span
          class="controls-fontsize-m controls-text-default controls-fontweight-default"
        >
          22
        </span>
        <span
          class="controls-DecoratorMoney__fraction__colorStyle-readonly controls-text-readonly controls-fontsize-xs"
        >
          .00
        </span>
      </span>
    </span>
  </div>
</div>
`;
