// Jest Snapshot v1, https://goo.gl/fbAQLP

exports[`Controls-Input/decoratorConnected:MultilineText Index 1`] = `
<div>
  <div
    class="controlsDemo__wrapper controlsDemo_fixedWidth400 tw-flex tw-flex-col"
  >
    <span
      class="controls-MultilineText-container"
    >
      <div
        class="controls-MultilineText-display_wrapper"
      >
        Lorem ipsum dolor sit amet, consectetur adipiscing elit. Vestibulum quis ante ac tortor molestie posuere a ut dolor.
      </div>
    </span>
  </div>
</div>
`;
