// Jest Snapshot v1, https://goo.gl/fbAQLP

exports[`Controls-Input/decoratorConnected:Number Index 1`] = `
<div>
  <div
    class="controlsDemo__wrapper controlsDemo_fixedWidth400 tw-flex tw-flex-col"
  >
    <span
      class="controls-DecoratorNumber controls-fontweight-default"
    >
      22
    </span>
  </div>
</div>
`;
