// Jest Snapshot v1, https://goo.gl/fbAQLP

exports[`Controls/_stickyBlock/StickyGroup StickyGroupedBlock строится по заданной модели 1`] = `
<div
  class="controls-Scroll controls-Scroll-Container"
>
  <div
    class="controls-StickyBlock  controls-background-default-sticky "
    style="top: 5px; z-index: 2;"
  >
    <div
      class="controls-StickyBlock__content"
    >
      1
    </div>
    <div
      class="controls-StickyBlock__observationTarget_top"
      style="top: -2px;"
    />
    <div
      class="controls-StickyBlock__observationTarget_top2"
    />
    <div
      class="controls-StickyBlock__observationTarget_top2Right"
    />
    <div
      class="controls-StickyBlock__observationTarget_bottomLeft"
      style="bottom: -2px;"
    />
    <div
      class="controls-StickyBlock__observationTarget_bottomRight"
      style="bottom: -2px;"
    />
    <div
      class="controls-StickyBlock__observationTarget_left"
      style="left: -2px;"
    />
    <div
      class="controls-StickyBlock__observationTarget_right"
      style="right: -2px;"
    />
    <div
      class="controls-Scroll__shadow controls-StickyHeader__shadow-top controls-StickyHeader__shadow-top_default controls-Scroll__shadow_horizontal ws-hidden"
      data-qa="StickyHeader__shadow-top"
    />
    <div
      class="controls-Scroll__shadow controls-StickyHeader__shadow-bottom controls-StickyHeader__shadow-bottom_default controls-Scroll__shadow_horizontal"
      data-qa="StickyHeader__shadow-bottom"
    />
  </div>
  <div
    class="controls-StickyBlock  controls-background-default-sticky "
    style="top: 5px; z-index: 2;"
  >
    <div
      class="controls-StickyBlock__content"
    >
      1
    </div>
    <div
      class="controls-StickyBlock__observationTarget_top"
      style="top: -2px;"
    />
    <div
      class="controls-StickyBlock__observationTarget_top2"
    />
    <div
      class="controls-StickyBlock__observationTarget_top2Right"
    />
    <div
      class="controls-StickyBlock__observationTarget_bottomLeft"
      style="bottom: -2px;"
    />
    <div
      class="controls-StickyBlock__observationTarget_bottomRight"
      style="bottom: -2px;"
    />
    <div
      class="controls-StickyBlock__observationTarget_left"
      style="left: -2px;"
    />
    <div
      class="controls-StickyBlock__observationTarget_right"
      style="right: -2px;"
    />
    <div
      class="controls-Scroll__shadow controls-StickyHeader__shadow-top controls-StickyHeader__shadow-top_default controls-Scroll__shadow_horizontal ws-hidden"
      data-qa="StickyHeader__shadow-top"
    />
    <div
      class="controls-Scroll__shadow controls-StickyHeader__shadow-bottom controls-StickyHeader__shadow-bottom_default controls-Scroll__shadow_horizontal"
      data-qa="StickyHeader__shadow-bottom"
    />
  </div>
</div>
`;
